C51 COMPILER V7.06   C51_433MHZ_S                                                          08/31/2012 08:45:11 PAGE 1   


C51 COMPILER V7.06, COMPILATION OF MODULE C51_433MHZ_S
OBJECT MODULE PLACED IN C51_433mHz_S.OBJ
COMPILER INVOKED BY: E:\Keil\C51\BIN\C51.EXE C51_433mHz_S.c BROWSE DEBUG OBJECTEXTEND

stmt level    source

   1          
   2          //Function: This procedure applies to 433mHz module launch
   3          //Platform:STC89C58RD+
   4          //Time:August 30,2012
   5          #include <reg51.h>   
   6          #include <intrins.h>   
   7             
   8          typedef unsigned char uchar;   
   9          typedef unsigned int uint;   
  10             
  11          sbit out = P1^0; //Transmitted signal pin    
  12                 
  13           
  14          void mDelay(uchar ms) // 1ms  
  15          {                          
  16   1          uchar i;   
  17   1          while(ms--)   
  18   1          {   
  19   2              for(i = 0; i<123; i++);   
  20   2          }   
  21   1      }   
  22             
  23           
  24          void Delay(uchar in_data)  //1us   
  25          {   
  26   1          uchar i;   
  27   1          for(i=in_data;i>0;i--);   
  28   1      }     
  29          void Pulse(uchar in_data)   
  30          {   
  31   1          uchar i,j;   
  32   1          out=0;   
  33   1          for(i=in_data;i>0;i--)   //Generates a pulse ,Half cycle! ! ! !
  34   1          {      
  35   2              out=~out;   
  36   2              for(j=0;j<6;j++);   
  37   2          }   
  38   1      }   
  39           
  40            
  41          void outbit(bit i_bit)  //one bit output
  42          {   
  43   1         
  44   1          if(i_bit)   
  45   1          {   
  46   2              Pulse(24);  //send '1' 
  47   2              out=0;   
  48   2              Delay(40);   
  49   2          }   
  50   1          else   
  51   1          {   
  52   2              Pulse(12);  //send '0' 
  53   2              out=0;   
  54   2              Delay(80);   
  55   2          }   
C51 COMPILER V7.06   C51_433MHZ_S                                                          08/31/2012 08:45:11 PAGE 2   

  56   1             
  57   1      }   
  58             
  59          void send(uchar in_data)   //send a data with 8 bits
  60          {   
  61   1          uchar i;   
  62   1          bit DI;   
  63   1            
  64   1          Pulse(40);//start   
  65   1          out=0;          
  66   1          Delay(120);    //433mHz transmitter is activated
  67   1          for(i=0;i<8;i++)//send data   
  68   1          {   
  69   2               DI=(bit)(in_data&0x80);   
  70   2               outbit(DI);   
  71   2               in_data<<=1;   
  72   2          }   
  73   1      }   
  74          main()     
  75          {   
  76   1          uchar i,j;   
  77   1          while(1)   
  78   1          {   
  79   2              out=0;   
  80   2              for(i=100;i<250;i++)   
  81   2              {      
  82   3                  mDelay(250);   
  83   3                  mDelay(100);   
  84   3                              mDelay(250); 
  85   3                              mDelay(250); 
  86   3      
  87   3                  for(j=0;j<10;j++)   
  88   3                      send(0);   
  89   3                  send(i);   
  90   3              }   
  91   2          }      
  92   1      }  


MODULE INFORMATION:   STATIC OVERLAYABLE
   CODE SIZE        =    157    ----
   CONSTANT SIZE    =   ----    ----
   XDATA SIZE       =   ----    ----
   PDATA SIZE       =   ----    ----
   DATA SIZE        =   ----    ----
   IDATA SIZE       =   ----    ----
   BIT SIZE         =   ----       2
END OF MODULE INFORMATION.


C51 COMPILATION COMPLETE.  0 WARNING(S),  0 ERROR(S)
