BL51 BANKED LINKER/LOCATER V5.03                                                        08/31/2012  09:05:53  PAGE 1


BL51 BANKED LINKER/LOCATER V5.03, INVOKED BY:
E:\KEIL\C51\BIN\BL51.EXE C51_433mHz_R.obj TO C51_433mHz_R


MEMORY MODEL: SMALL


INPUT MODULES INCLUDED:
  C51_433mHz_R.obj (C51_433MHZ_R)
  E:\KEIL\C51\LIB\C51S.LIB (?C_STARTUP)
  E:\KEIL\C51\LIB\C51S.LIB (?C?UIDIV)
  E:\KEIL\C51\LIB\C51S.LIB (?C_INIT)


LINK MAP OF MODULE:  C51_433mHz_R (C51_433MHZ_R)


            TYPE    BASE      LENGTH    RELOCATION   SEGMENT NAME
            -----------------------------------------------------

            * * * * * * *   D A T A   M E M O R Y   * * * * * * *
            REG     0000H     0008H     ABSOLUTE     "REG BANK 0"
            DATA    0008H     0009H     UNIT         _DATA_GROUP_
                    0011H     000FH                  *** GAP ***
            BIT     0020H.0   0000H.1   UNIT         _BIT_GROUP_
                    0020H.1   0000H.7                *** GAP ***
            DATA    0021H     0031H     UNIT         ?DT?C51_433MHZ_R
            IDATA   0052H     0001H     UNIT         ?STACK

            * * * * * * *   C O D E   M E M O R Y   * * * * * * *
            CODE    0000H     0003H     ABSOLUTE     
            CODE    0003H     008CH     UNIT         ?C_C51STARTUP
            CODE    008FH     0066H     UNIT         ?PR?_NUMBER?C51_433MHZ_R
            CODE    00F5H     0055H     UNIT         ?C?LIB_CODE
            CODE    014AH     003BH     UNIT         ?PR?RECEIVE?C51_433MHZ_R
            CODE    0185H     0039H     UNIT         ?C_INITSEG
            CODE    01BEH     0031H     UNIT         ?PR?MAIN?C51_433MHZ_R
            CODE    01EFH     0026H     UNIT         ?PR?LCD_INIT?C51_433MHZ_R
            CODE    0215H     001FH     UNIT         ?PR?PROCESSLOW?C51_433MHZ_R
            CODE    0234H     001FH     UNIT         ?PR?PROCESS?C51_433MHZ_R
            CODE    0253H     0014H     UNIT         ?PR?_LCD_WCMD?C51_433MHZ_R
            CODE    0267H     0013H     UNIT         ?PR?LCD_BZ?C51_433MHZ_R
            CODE    027AH     0012H     UNIT         ?PR?_DELAY?C51_433MHZ_R
            CODE    028CH     0011H     UNIT         ?PR?_LCD_WDAT?C51_433MHZ_R
            CODE    029DH     000BH     UNIT         ?PR?UDELAY?C51_433MHZ_R
            CODE    02A8H     000AH     UNIT         ?PR?_DELAY_US?C51_433MHZ_R
            CODE    02B2H     0007H     UNIT         ?PR?_LCD_POS?C51_433MHZ_R



OVERLAY MAP OF MODULE:   C51_433mHz_R (C51_433MHZ_R)


SEGMENT                                BIT_GROUP          DATA_GROUP 
  +--> CALLED SEGMENT               START    LENGTH     START    LENGTH
-----------------------------------------------------------------------
?C_C51STARTUP                       -----    -----      -----    -----
  +--> ?PR?MAIN?C51_433MHZ_R
BL51 BANKED LINKER/LOCATER V5.03                                                      08/31/2012  09:05:53  PAGE 2


  +--> ?C_INITSEG

?PR?MAIN?C51_433MHZ_R               -----    -----      0008H    0001H
  +--> ?PR?LCD_INIT?C51_433MHZ_R
  +--> ?PR?_DELAY?C51_433MHZ_R
  +--> ?PR?_LCD_POS?C51_433MHZ_R
  +--> ?PR?_LCD_WDAT?C51_433MHZ_R
  +--> ?PR?RECEIVE?C51_433MHZ_R
  +--> ?PR?_NUMBER?C51_433MHZ_R

?PR?LCD_INIT?C51_433MHZ_R           -----    -----      -----    -----
  +--> ?PR?_LCD_WCMD?C51_433MHZ_R
  +--> ?PR?_DELAY?C51_433MHZ_R

?PR?_LCD_WCMD?C51_433MHZ_R          -----    -----      -----    -----
  +--> ?PR?LCD_BZ?C51_433MHZ_R
  +--> ?PR?UDELAY?C51_433MHZ_R

?PR?LCD_BZ?C51_433MHZ_R             0020H.0  0000H.1    -----    -----
  +--> ?PR?UDELAY?C51_433MHZ_R

?PR?_LCD_POS?C51_433MHZ_R           -----    -----      -----    -----
  +--> ?PR?_LCD_WCMD?C51_433MHZ_R

?PR?_LCD_WDAT?C51_433MHZ_R          -----    -----      -----    -----
  +--> ?PR?LCD_BZ?C51_433MHZ_R
  +--> ?PR?UDELAY?C51_433MHZ_R

?PR?RECEIVE?C51_433MHZ_R            -----    -----      -----    -----
  +--> ?PR?PROCESSLOW?C51_433MHZ_R
  +--> ?PR?PROCESS?C51_433MHZ_R

?PR?PROCESSLOW?C51_433MHZ_R         -----    -----      0009H    0001H
  +--> ?PR?_DELAY_US?C51_433MHZ_R

?PR?PROCESS?C51_433MHZ_R            -----    -----      -----    -----
  +--> ?PR?_DELAY_US?C51_433MHZ_R

?PR?_NUMBER?C51_433MHZ_R            -----    -----      0009H    0008H
  +--> ?PR?_LCD_POS?C51_433MHZ_R
  +--> ?PR?_LCD_WDAT?C51_433MHZ_R
  +--> ?PR?UDELAY?C51_433MHZ_R



SYMBOL TABLE OF MODULE:  C51_433mHz_R (C51_433MHZ_R)

  VALUE           TYPE          NAME
  ----------------------------------

  -------         MODULE        C51_433MHZ_R
  C:0000H         SYMBOL        _ICE_DUMMY_
  D:0080H         PUBLIC        P0
  D:0090H         PUBLIC        P1
  D:00A0H         PUBLIC        P2
  C:0234H         PUBLIC        process
  C:0253H         PUBLIC        _lcd_wcmd
BL51 BANKED LINKER/LOCATER V5.03                                                      08/31/2012  09:05:53  PAGE 3


  D:0021H         PUBLIC        nlcd
  C:01BEH         PUBLIC        main
  C:028CH         PUBLIC        _lcd_wdat
  B:0090H.0       PUBLIC        input
  C:02B2H         PUBLIC        _lcd_pos
  C:01EFH         PUBLIC        lcd_init
  C:008FH         PUBLIC        _Number
  D:002BH         PUBLIC        xT
  B:00A0H.5       PUBLIC        ep
  B:00A0H.7       PUBLIC        rs
  C:014AH         PUBLIC        receive
  C:02A4H         PUBLIC        uDelay
  B:00A0H.6       PUBLIC        rw
  D:002DH         PUBLIC        k
  C:0267H         PUBLIC        lcd_bz
  C:027AH         PUBLIC        _delay
  D:002EH         PUBLIC        dis1
  D:0040H         PUBLIC        dis2
  C:0215H         PUBLIC        processLOW
  C:02A8H         PUBLIC        _Delay_uS
  -------         PROC          _DELAY
  D:0007H         SYMBOL        ms
  -------         DO            
  D:0006H         SYMBOL        i
  -------         ENDDO         
  C:027AH         LINE#         23
  C:027AH         LINE#         24
  C:027AH         LINE#         26
  C:0280H         LINE#         27
  C:0280H         LINE#         28
  C:028BH         LINE#         29
  C:028BH         LINE#         30
  -------         ENDPROC       _DELAY
  -------         PROC          L?0058
  -------         ENDPROC       L?0058
  -------         PROC          UDELAY
  C:02A4H         LINE#         32
  C:02A4H         LINE#         33
  C:02A4H         LINE#         34
  C:02A5H         LINE#         35
  C:02A6H         LINE#         36
  C:02A7H         LINE#         37
  -------         ENDPROC       UDELAY
  -------         PROC          LCD_BZ
  -------         DO            
  B:0020H.0       SYMBOL        result
  -------         ENDDO         
  C:0267H         LINE#         39
  C:0267H         LINE#         40
  C:0267H         LINE#         42
  C:0269H         LINE#         43
  C:026BH         LINE#         44
  C:026DH         LINE#         45
  C:0270H         LINE#         46
  C:0275H         LINE#         47
  C:0277H         LINE#         48
  C:0279H         LINE#         49
BL51 BANKED LINKER/LOCATER V5.03                                                      08/31/2012  09:05:53  PAGE 4


  -------         ENDPROC       LCD_BZ
  -------         PROC          _LCD_WCMD
  D:0007H         SYMBOL        cmd
  C:0253H         LINE#         51
  C:0253H         LINE#         52
  C:0253H         LINE#         53
  C:0258H         LINE#         54
  C:025AH         LINE#         55
  C:025CH         LINE#         56
  C:025EH         LINE#         57
  C:0261H         LINE#         58
  C:0261H         LINE#         59
  C:0261H         LINE#         60
  C:0261H         LINE#         61
  C:0264H         LINE#         62
  C:0266H         LINE#         63
  -------         ENDPROC       _LCD_WCMD
  -------         PROC          _LCD_POS
  D:0007H         SYMBOL        pos
  C:02B2H         LINE#         65
  C:02B2H         LINE#         66
  C:02B2H         LINE#         67
  -------         ENDPROC       _LCD_POS
  -------         PROC          _LCD_WDAT
  D:0007H         SYMBOL        dat
  C:028CH         LINE#         70
  C:028CH         LINE#         71
  C:028CH         LINE#         72
  C:0291H         LINE#         73
  C:0293H         LINE#         74
  C:0295H         LINE#         75
  C:0297H         LINE#         76
  C:0297H         LINE#         77
  C:0297H         LINE#         78
  C:0297H         LINE#         79
  C:029AH         LINE#         80
  C:029CH         LINE#         81
  -------         ENDPROC       _LCD_WDAT
  -------         PROC          LCD_INIT
  C:01EFH         LINE#         83
  C:01EFH         LINE#         84
  C:01EFH         LINE#         85
  C:01F4H         LINE#         86
  C:01F9H         LINE#         87
  C:01FEH         LINE#         88
  C:0203H         LINE#         89
  C:0208H         LINE#         90
  C:020DH         LINE#         91
  C:0212H         LINE#         92
  -------         ENDPROC       LCD_INIT
  -------         PROC          _NUMBER
  D:0009H         SYMBOL        x
  -------         DO            
  D:0003H         SYMBOL        i
  D:000BH         SYMBOL        temp
  -------         ENDDO         
  C:008FH         LINE#         95
BL51 BANKED LINKER/LOCATER V5.03                                                      08/31/2012  09:05:53  PAGE 5


  C:0093H         LINE#         96
  C:0093H         LINE#         97
  C:0095H         LINE#         99
  C:00A0H         LINE#         100
  C:00A6H         LINE#         101
  C:00A6H         LINE#         102
  C:00B7H         LINE#         103
  C:00C6H         LINE#         104
  C:00C7H         LINE#         105
  C:00C9H         LINE#         106
  C:00CEH         LINE#         107
  C:00D4H         LINE#         108
  C:00D4H         LINE#         109
  C:00E1H         LINE#         110
  C:00E3H         LINE#         111
  C:00E8H         LINE#         112
  C:00EBH         LINE#         113
  C:00EEH         LINE#         114
  C:00F1H         LINE#         115
  C:00F4H         LINE#         116
  C:00F4H         LINE#         117
  -------         ENDPROC       _NUMBER
  -------         PROC          _DELAY_US
  D:0007H         SYMBOL        in_data
  -------         DO            
  D:0007H         SYMBOL        i
  -------         ENDDO         
  C:02A8H         LINE#         119
  C:02A8H         LINE#         120
  C:02A8H         LINE#         122
  C:02B1H         LINE#         123
  -------         ENDPROC       _DELAY_US
  -------         PROC          PROCESSLOW
  -------         DO            
  D:0009H         SYMBOL        i
  -------         ENDDO         
  C:0215H         LINE#         125
  C:0215H         LINE#         126
  C:0215H         LINE#         128
  C:0218H         LINE#         129
  C:021DH         LINE#         130
  C:0220H         LINE#         131
  C:0223H         LINE#         132
  C:0223H         LINE#         133
  C:0225H         LINE#         134
  C:022DH         LINE#         135
  C:022FH         LINE#         136
  C:0231H         LINE#         137
  C:0233H         LINE#         138
  -------         ENDPROC       PROCESSLOW
  -------         PROC          PROCESS
  -------         DO            
  D:0007H         SYMBOL        i
  -------         ENDDO         
  C:0234H         LINE#         140
  C:0234H         LINE#         141
  C:0234H         LINE#         143
BL51 BANKED LINKER/LOCATER V5.03                                                      08/31/2012  09:05:53  PAGE 6


  C:0237H         LINE#         144
  C:023CH         LINE#         145
  C:0242H         LINE#         146
  C:0244H         LINE#         147
  C:0247H         LINE#         148
  C:0247H         LINE#         149
  C:0248H         LINE#         150
  C:024EH         LINE#         151
  C:0250H         LINE#         152
  C:0252H         LINE#         153
  C:0252H         LINE#         154
  -------         ENDPROC       PROCESS
  -------         PROC          RECEIVE
  -------         DO            
  D:0006H         SYMBOL        in_data
  D:0007H         SYMBOL        j
  D:0005H         SYMBOL        i
  -------         ENDDO         
  C:014AH         LINE#         157
  C:014AH         LINE#         158
  C:014AH         LINE#         159
  C:014CH         LINE#         161
  C:014FH         LINE#         162
  C:0155H         LINE#         163
  C:0155H         LINE#         164
  C:0157H         LINE#         165
  C:0157H         LINE#         166
  C:015AH         LINE#         167
  C:015EH         LINE#         168
  C:0164H         LINE#         169
  C:0169H         LINE#         170
  C:0174H         LINE#         171
  C:0176H         LINE#         173
  C:0179H         LINE#         174
  C:017FH         LINE#         175
  C:017FH         LINE#         177
  C:0182H         LINE#         178
  C:0184H         LINE#         179
  -------         ENDPROC       RECEIVE
  -------         PROC          MAIN
  -------         DO            
  D:0008H         SYMBOL        i
  -------         ENDDO         
  C:01BEH         LINE#         181
  C:01BEH         LINE#         182
  C:01BEH         LINE#         184
  C:01C1H         LINE#         185
  C:01C6H         LINE#         186
  C:01CBH         LINE#         187
  C:01D4H         LINE#         188
  C:01D4H         LINE#         189
  C:01D7H         LINE#         190
  C:01D9H         LINE#         191
  C:01DBH         LINE#         192
  C:01DBH         LINE#         193
  C:01DBH         LINE#         194
  C:01DDH         LINE#         195
BL51 BANKED LINKER/LOCATER V5.03                                                      08/31/2012  09:05:53  PAGE 7


  C:01E0H         LINE#         196
  C:01E0H         LINE#         197
  C:01E8H         LINE#         198
  C:01EDH         LINE#         199
  C:01EDH         LINE#         200
  -------         ENDPROC       MAIN
  -------         ENDMOD        C51_433MHZ_R

  -------         MODULE        ?C?UIDIV
  C:00F5H         PUBLIC        ?C?UIDIV
  -------         ENDMOD        ?C?UIDIV

Program Size: data=67.1 xdata=0 code=697
LINK/LOCATE RUN COMPLETE.  0 WARNING(S),  0 ERROR(S)
